// Jest Snapshot v1, https://goo.gl/fbAQLP

exports[`Button - onMouseEnter & onMouseLeave 1`] = `
[
  <style
    dangerouslySetInnerHTML={
      {
        "__html": ".css-1jnqqvb{margin:0;padding:.5rem 1rem;display:-webkit-inline-box;display:-webkit-inline-flex;display:-ms-inline-flexbox;display:inline-flex;}",
      }
    }
    data-emotion="css 1jnqqvb"
  />,
  <button
    className="iogart-ui iogart-base iogart-button-base iogart-button css-1jnqqvb"
    onBlur={[Function]}
    onClick={[Function]}
    onDoubleClick={[Function]}
    onFocus={[Function]}
    onMouseEnter={[Function]}
    onMouseLeave={[Function]}
    style={{}}
    type="button"
  >
    Button
  </button>,
]
`;

exports[`Button - onMouseEnter & onMouseLeave 2`] = `
[
  <style
    dangerouslySetInnerHTML={
      {
        "__html": ".css-1jnqqvb{margin:0;padding:.5rem 1rem;display:-webkit-inline-box;display:-webkit-inline-flex;display:-ms-inline-flexbox;display:inline-flex;}",
      }
    }
    data-emotion="css 1jnqqvb"
  />,
  <button
    className="iogart-ui iogart-base iogart-button-base iogart-button css-1jnqqvb"
    onBlur={[Function]}
    onClick={[Function]}
    onDoubleClick={[Function]}
    onFocus={[Function]}
    onMouseEnter={[Function]}
    onMouseLeave={[Function]}
    style={{}}
    type="button"
  >
    Button
  </button>,
]
`;

exports[`Button - onMouseEnter & onMouseLeave 3`] = `
[
  <style
    dangerouslySetInnerHTML={
      {
        "__html": ".css-1jnqqvb{margin:0;padding:.5rem 1rem;display:-webkit-inline-box;display:-webkit-inline-flex;display:-ms-inline-flexbox;display:inline-flex;}",
      }
    }
    data-emotion="css 1jnqqvb"
  />,
  <button
    className="iogart-ui iogart-base iogart-button-base iogart-button css-1jnqqvb"
    onBlur={[Function]}
    onClick={[Function]}
    onDoubleClick={[Function]}
    onFocus={[Function]}
    onMouseEnter={[Function]}
    onMouseLeave={[Function]}
    style={{}}
    type="button"
  >
    Button
  </button>,
]
`;
