// Jest Snapshot v1, https://goo.gl/fbAQLP

exports[`Stack - common 1`] = `
<div
  className="iogart-ui iogart-stack"
  style={
    {
      "alignContent": "initial",
      "alignItems": "initial",
      "alignSelf": "initial",
      "display": "flex",
      "flexDirection": "column",
      "gap": 0,
      "justifyContent": "initial",
      "justifyItems": "initial",
      "justifySelf": "initial",
    }
  }
>
   
  <div>
    A
  </div>
  <div>
    B
  </div>
  <div>
    C
  </div>
   
</div>
`;
