// Jest Snapshot v1, https://goo.gl/fbAQLP

exports[`Container - common 1`] = `
[
  <style
    dangerouslySetInnerHTML={
      {
        "__html": ".css-eg7dfx{max-width:100%;margin-left:auto;margin-right:auto;}@media (min-width: 0px){.css-eg7dfx{max-width:100%;}}@media (min-width: 576px){.css-eg7dfx{max-width:540px;}}@media (min-width: 768px){.css-eg7dfx{max-width:720px;}}@media (min-width: 992px){.css-eg7dfx{max-width:960px;}}@media (min-width: 1200px){.css-eg7dfx{max-width:1140px;}}@media (min-width: 1400px){.css-eg7dfx{max-width:1320px;}}",
      }
    }
    data-emotion="css eg7dfx"
  />,
  <div
    className="iogart-container css-eg7dfx"
    style={{}}
  >
     
    <div>
      A
    </div>
    <div>
      B
    </div>
    <div>
      C
    </div>
     
  </div>,
]
`;
